npm warn Unknown env config "devdir". This will stop working in the next major version of npm. See `npm help npmrc` for supported config options.

> metyoga-第三版@0.0.0 test:staff-acceptance
> node scripts/staff-v21-acceptance.mjs

{
  "ok": true,
  "steps": [
    "loaded",
    "entered-staff",
    "no-tech-jargon",
    "reset",
    "metrics",
    "pending-sessions",
    "assigned",
    "gap-decreased",
    "applications",
    "owner-assigned",
    "approved",
    "no-repeat-approve",
    "profile-edited",
    "persisted",
    "console-clean"
  ],
  "gapBefore": 7,
  "gapAfter": 6
}
